../Core/Src/main.c:63:6:HAL_TIM_PeriodElapsedCallback	16	static
../Core/Src/main.c:67:6:HAL_TIM_OC_DelayElapsedCallback	16	static
../Core/Src/main.c:76:6:HAL_GPIO_EXTI_Callback	16	static
../Core/Src/main.c:93:5:main	8	static
../Core/Src/main.c:140:6:SystemClock_Config	72	static
../Core/Src/main.c:179:13:MX_TIM2_Init	64	static
../Core/Src/main.c:242:13:MX_USART2_UART_Init	8	static
../Core/Src/main.c:275:13:MX_GPIO_Init	40	static
../Core/Src/main.c:346:6:Error_Handler	4	static,ignoring_inline_asm
