../Core/Src/main.c:64:1:__io_putchar	16	static
../Core/Src/main.c:76:6:Set_Pin_Output	16	static
../Core/Src/main.c:82:6:Set_Pin_Input	16	static
../Core/Src/main.c:87:6:DHT11_Start	8	static
../Core/Src/main.c:95:9:DHT11_Check_Response	16	static
../Core/Src/main.c:108:9:DHT11_Read	16	static
../Core/Src/main.c:123:6:us_delay	16	static
../Core/Src/main.c:136:5:main	8	static
../Core/Src/main.c:200:6:SystemClock_Config	72	static
../Core/Src/main.c:239:13:MX_TIM2_Init	32	static
../Core/Src/main.c:284:13:MX_USART2_UART_Init	8	static
../Core/Src/main.c:317:13:MX_GPIO_Init	40	static
../Core/Src/main.c:357:6:Error_Handler	4	static,ignoring_inline_asm
