16:18:18 **** Incremental Build of configuration Debug for project Exam_8_5_4_1 ****
make -j8 all 
arm-none-eabi-gcc "../Core/Src/main.c" -mcpu=cortex-m3 -std=gnu11 -g3 -DDEBUG -DUSE_HAL_DRIVER -DSTM32F103xB -c -I../Core/Inc -I../Drivers/STM32F1xx_HAL_Driver/Inc -I../Drivers/STM32F1xx_HAL_Driver/Inc/Legacy -I../Drivers/CMSIS/Device/ST/STM32F1xx/Include -I../Drivers/CMSIS/Include -O0 -ffunction-sections -fdata-sections -Wall -fstack-usage -MMD -MP -MF"Core/Src/main.d" -MT"Core/Src/main.o" --specs=nano.specs -mfloat-abi=soft -mthumb -o "Core/Src/main.o"
arm-none-eabi-gcc -o "Exam_8_5_4_1.elf" @"objects.list"   -mcpu=cortex-m3 -T"C:\ARMStudy\Exam_8_5_4_1\STM32F103RBTX_FLASH.ld" --specs=nosys.specs -Wl,-Map="Exam_8_5_4_1.map" -Wl,--gc-sections -static --specs=nano.specs -mfloat-abi=soft -mthumb -Wl,--start-group -lc -lm -Wl,--end-group
Finished building target: Exam_8_5_4_1.elf
 
arm-none-eabi-size   Exam_8_5_4_1.elf 
arm-none-eabi-objdump -h -S  Exam_8_5_4_1.elf  > "Exam_8_5_4_1.list"
   text	   data	    bss	    dec	    hex	filename
   9932	     20	   1708	  11660	   2d8c	Exam_8_5_4_1.elf
Finished building: default.size.stdout
 
Finished building: Exam_8_5_4_1.list
 

16:18:19 Build Finished. 0 errors, 0 warnings. (took 805ms)

