17:08:01 **** Incremental Build of configuration Debug for project Exam_9_3_1 ****
make -j8 all 
arm-none-eabi-gcc "../Core/Src/main.c" -mcpu=cortex-m3 -std=gnu11 -g3 -DDEBUG -DUSE_HAL_DRIVER -DSTM32F103xB -c -I../Core/Inc -I../Drivers/STM32F1xx_HAL_Driver/Inc -I../Drivers/STM32F1xx_HAL_Driver/Inc/Legacy -I../Drivers/CMSIS/Device/ST/STM32F1xx/Include -I../Drivers/CMSIS/Include -O0 -ffunction-sections -fdata-sections -Wall -fstack-usage -MMD -MP -MF"Core/Src/main.d" -MT"Core/Src/main.o" --specs=nano.specs -mfloat-abi=soft -mthumb -o "Core/Src/main.o"
../Core/Src/main.c: In function 'main':
../Core/Src/main.c:114:26: warning: format '%ld' expects argument of type 'long int', but argument 2 has type 'int' [-Wformat=]
  114 |    printf("ADC Value = %ld\n", adc_value);
      |                        ~~^     ~~~~~~~~~
      |                          |     |
      |                          |     int
      |                          long int
      |                        %d
arm-none-eabi-gcc -o "Exam_9_3_1.elf" @"objects.list"   -mcpu=cortex-m3 -T"C:\ARMStudy\Exam_9_3_1\STM32F103RBTX_FLASH.ld" --specs=nosys.specs -Wl,-Map="Exam_9_3_1.map" -Wl,--gc-sections -static --specs=nano.specs -mfloat-abi=soft -mthumb -Wl,--start-group -lc -lm -Wl,--end-group
Finished building target: Exam_9_3_1.elf
 
arm-none-eabi-size   Exam_9_3_1.elf 
arm-none-eabi-objdump -h -S  Exam_9_3_1.elf  > "Exam_9_3_1.list"
   text	   data	    bss	    dec	    hex	filename
  13752	    120	   1712	  15584	   3ce0	Exam_9_3_1.elf
Finished building: default.size.stdout
 
Finished building: Exam_9_3_1.list
 

17:08:02 Build Finished. 0 errors, 1 warnings. (took 609ms)

