12:47:36 **** Incremental Build of configuration Debug for project Exam_11_4_4 ****
make -j8 all 
arm-none-eabi-gcc "../Core/Src/main.c" -mcpu=cortex-m3 -std=gnu11 -g3 -DDEBUG -DUSE_HAL_DRIVER -DSTM32F103xB -c -I../Core/Inc -I../Drivers/STM32F1xx_HAL_Driver/Inc -I../Drivers/STM32F1xx_HAL_Driver/Inc/Legacy -I../Drivers/CMSIS/Device/ST/STM32F1xx/Include -I../Drivers/CMSIS/Include -O0 -ffunction-sections -fdata-sections -Wall -fstack-usage -MMD -MP -MF"Core/Src/main.d" -MT"Core/Src/main.o" --specs=nano.specs -mfloat-abi=soft -mthumb -o "Core/Src/main.o"
arm-none-eabi-gcc -o "Exam_11_4_4.elf" @"objects.list"   -mcpu=cortex-m3 -T"C:\ARMStudy\Exam_11_4_4\STM32F103RBTX_FLASH.ld" --specs=nosys.specs -Wl,-Map="Exam_11_4_4.map" -Wl,--gc-sections -static --specs=nano.specs -mfloat-abi=soft -mthumb -Wl,--start-group -lc -lm -Wl,--end-group
Finished building target: Exam_11_4_4.elf
 
arm-none-eabi-size   Exam_11_4_4.elf 
arm-none-eabi-objdump -h -S  Exam_11_4_4.elf  > "Exam_11_4_4.list"
   text	   data	    bss	    dec	    hex	filename
   6216	     68	   1892	   8176	   1ff0	Exam_11_4_4.elf
Finished building: default.size.stdout
 
Finished building: Exam_11_4_4.list
 

12:47:37 Build Finished. 0 errors, 0 warnings. (took 611ms)

